2019-11-05 03:10:30 [    INFO] ==========start logging========== (conftest.py:28)
2019-11-05 03:10:30 [    INFO] Operation: delete (test_status.py:32)
2019-11-05 03:10:30 [    INFO] Code: 100 (test_status.py:33)
2019-11-05 03:10:30 [   DEBUG] Starting new HTTPS connection (1): httpbin.org:443 (connectionpool.py:955)
2019-11-05 03:10:39 [    INFO] ==========end logging========== (conftest.py:30)
2019-11-05 03:10:39 [    INFO] ==========start logging========== (conftest.py:28)
2019-11-05 03:10:39 [    INFO] Operation: get (test_status.py:32)
2019-11-05 03:10:39 [    INFO] Code: 100 (test_status.py:33)
2019-11-05 03:10:39 [   DEBUG] Starting new HTTPS connection (1): httpbin.org:443 (connectionpool.py:955)
